->rgb(213,39,9)
 $'\n'                """->rgb(249,203,48)
 $'\n'                done"""$'\n'printf '%s' "A[-1]+=\"\${REPLY}\""$'\n'${lseekFlag} && printf '\n' \|\| printf '%s\n' "${delimiterVal}"$'\n'(( ${verboseLevel} > 2 )) && echo "echo \"Partial read fixed to: \${A[-1]}\" >&${fd_stderr}"$'\n'echo "}"->rgb(254,229,54)
 $'\n'        kill -HUP $(cat </dev/null "'"${tmpDir}"'"/.run/p* 2>/dev/null) '"${PID0}" HUP >>->rgb(234,134,32)
 $'\n'        kill -INT $(cat </dev/null "'"${tmpDir}"'"/.run/p* 2>/dev/null) '"${PID0}" INT >>->rgb(210,23,5)
 $'\n'        kill -TERM $(cat </dev/null "'"${tmpDir}"'"/.run/p* 2>/dev/null) '"${PID0}" TERM >>->rgb(215,47,11)
 $'\n'        kill -USR1 $(cat </dev/null "'"${tmpDir}"'"/.run/p* 2>/dev/null)->rgb(249,204,48)
 $'\n'        returnVal=1->rgb(230,116,27)
 $'\n'[[ -f "/dev/shm/.forkrun.iCzTKH"/.run/p0 ]] && \rm -f "/dev/shm/.forkrun.iCzTKH"/.run/p0->rgb(241,165,39)
 $'\n'[[ -f "/dev/shm/.forkrun.iCzTKH"/.run/p1 ]] && \rm -f "/dev/shm/.forkrun.iCzTKH"/.run/p1->rgb(228,106,25)
 $'\n'[[ -f "/dev/shm/.forkrun.iCzTKH"/.run/p10 ]] && \rm -f "/dev/shm/.forkrun.iCzTKH"/.run/p10->rgb(207,13,3)
 $'\n'[[ -f "/dev/shm/.forkrun.iCzTKH"/.run/p11 ]] && \rm -f "/dev/shm/.forkrun.iCzTKH"/.run/p11->rgb(245,184,44)
 $'\n'[[ -f "/dev/shm/.forkrun.iCzTKH"/.run/p12 ]] && \rm -f "/dev/shm/.forkrun.iCzTKH"/.run/p12->rgb(232,124,29)
 $'\n'[[ -f "/dev/shm/.forkrun.iCzTKH"/.run/p13 ]] && \rm -f "/dev/shm/.forkrun.iCzTKH"/.run/p13->rgb(219,65,15)
 $'\n'[[ -f "/dev/shm/.forkrun.iCzTKH"/.run/p14 ]] && \rm -f "/dev/shm/.forkrun.iCzTKH"/.run/p14->rgb(206,5,1)
 $'\n'[[ -f "/dev/shm/.forkrun.iCzTKH"/.run/p15 ]] && \rm -f "/dev/shm/.forkrun.iCzTKH"/.run/p15->rgb(243,176,42)
 $'\n'[[ -f "/dev/shm/.forkrun.iCzTKH"/.run/p16 ]] && \rm -f "/dev/shm/.forkrun.iCzTKH"/.run/p16->rgb(230,116,27)
 $'\n'[[ -f "/dev/shm/.forkrun.iCzTKH"/.run/p17 ]] && \rm -f "/dev/shm/.forkrun.iCzTKH"/.run/p17->rgb(217,57,13)
 $'\n'[[ -f "/dev/shm/.forkrun.iCzTKH"/.run/p18 ]] && \rm -f "/dev/shm/.forkrun.iCzTKH"/.run/p18->rgb(254,228,54)
 $'\n'[[ -f "/dev/shm/.forkrun.iCzTKH"/.run/p19 ]] && \rm -f "/dev/shm/.forkrun.iCzTKH"/.run/p19->rgb(241,168,40)
 $'\n'[[ -f "/dev/shm/.forkrun.iCzTKH"/.run/p2 ]] && \rm -f "/dev/shm/.forkrun.iCzTKH"/.run/p2->rgb(215,46,11)
 $'\n'[[ -f "/dev/shm/.forkrun.iCzTKH"/.run/p20 ]] && \rm -f "/dev/shm/.forkrun.iCzTKH"/.run/p20->rgb(245,184,44)
 $'\n'[[ -f "/dev/shm/.forkrun.iCzTKH"/.run/p21 ]] && \rm -f "/dev/shm/.forkrun.iCzTKH"/.run/p21->rgb(232,124,29)
 $'\n'[[ -f "/dev/shm/.forkrun.iCzTKH"/.run/p22 ]] && \rm -f "/dev/shm/.forkrun.iCzTKH"/.run/p22->rgb(219,65,15)
 $'\n'[[ -f "/dev/shm/.forkrun.iCzTKH"/.run/p23 ]] && \rm -f "/dev/shm/.forkrun.iCzTKH"/.run/p23->rgb(206,5,1)
 $'\n'[[ -f "/dev/shm/.forkrun.iCzTKH"/.run/p24 ]] && \rm -f "/dev/shm/.forkrun.iCzTKH"/.run/p24->rgb(243,176,42)
 $'\n'[[ -f "/dev/shm/.forkrun.iCzTKH"/.run/p25 ]] && \rm -f "/dev/shm/.forkrun.iCzTKH"/.run/p25->rgb(230,116,27)
 $'\n'[[ -f "/dev/shm/.forkrun.iCzTKH"/.run/p26 ]] && \rm -f "/dev/shm/.forkrun.iCzTKH"/.run/p26->rgb(217,57,13)
 $'\n'[[ -f "/dev/shm/.forkrun.iCzTKH"/.run/p27 ]] && \rm -f "/dev/shm/.forkrun.iCzTKH"/.run/p27->rgb(254,228,54)
 $'\n'[[ -f "/dev/shm/.forkrun.iCzTKH"/.run/p3 ]] && \rm -f "/dev/shm/.forkrun.iCzTKH"/.run/p3->rgb(252,217,51)
 $'\n'[[ -f "/dev/shm/.forkrun.iCzTKH"/.run/p4 ]] && \rm -f "/dev/shm/.forkrun.iCzTKH"/.run/p4->rgb(239,157,37)
 $'\n'[[ -f "/dev/shm/.forkrun.iCzTKH"/.run/p5 ]] && \rm -f "/dev/shm/.forkrun.iCzTKH"/.run/p5->rgb(226,98,23)
 $'\n'[[ -f "/dev/shm/.forkrun.iCzTKH"/.run/p6 ]] && \rm -f "/dev/shm/.forkrun.iCzTKH"/.run/p6->rgb(213,39,9)
 $'\n'[[ -f "/dev/shm/.forkrun.iCzTKH"/.run/p7 ]] && \rm -f "/dev/shm/.forkrun.iCzTKH"/.run/p7->rgb(250,209,50)
 $'\n'[[ -f "/dev/shm/.forkrun.iCzTKH"/.run/p8 ]] && \rm -f "/dev/shm/.forkrun.iCzTKH"/.run/p8->rgb(237,150,35)
 $'\n'[[ -f "/dev/shm/.forkrun.iCzTKH"/.run/p9 ]] && \rm -f "/dev/shm/.forkrun.iCzTKH"/.run/p9->rgb(224,90,21)
 $'\n'[[ -f \"${tmpDir}\"/.run/p{<#>} ]] && \\rm -f \"${tmpDir}\"/.run/p{<#>}->rgb(241,165,39)
 $'\n'printf '"'"'\n'"'"' >&11' EXIT >>->rgb(226,97,23)
 $'\n'printf '\"'\"'\n'\"'\"' >&${fd_continue}' EXIT$'\n'$'\n'trap 'trap - TERM INT HUP USR1->rgb(239,158,37)
 break->rgb(217,55,13)
 do $'\n'                    A[-1]+=\"\${REPLY}\"->rgb(208,18,4)
 do" \|\| echo "while true->rgb(243,175,41)
 do"""$'\n'{ ${nLinesAutoFlag} \|\| ${nSpawnFlag}->rgb(231,120,28)
 do"$'\n'echo "[[ -f \"${tmpDir}\"/.done ]] && doneIndicatorFlag=true"$'\n'printf "if read -r -d '' -n \$(( ${nBytes} - \${nBytesRead} )) -u ${fd_read}"$'\n'[[ -n ${tTimeout} ]] && printf ' -t %s' "${tTimeout}"$'\n'echo """->rgb(241,169,40)
 kill -HUP ${PID0} \${BASHPID}' HUP$'\n'trap 'trap - TERM INT HUP USR1' USR1$'\n'$'\n'while true->rgb(249,204,48)
 kill -INT ${PID0} \${BASHPID}' INT$'\n'trap 'trap - TERM INT HUP USR1->rgb(217,59,14)
 kill -TERM ${PID0} \${BASHPID}' TERM$'\n'trap 'trap - TERM INT HUP USR1->rgb(223,83,19)
 then"""$'\n'${nLinesAutoFlag} && echo "printf 'x\\n' >&\${fd_nAuto0}"$'\n'${nOrderFlag} && echo ": >\"${tmpDir}\"/.out/.quit{<#>}"$'\n'${nSpawnFlag} && echo """printf 'q\\n' >&${fd_nSpawn}$'\n'            printf 'q\\n' >&\${fd_nAuto0}"""$'\n'echo """$'\n'            : >\"${tmpDir}\"/.quit$'\n'            printf '%.0s\\n' \"${tmpDir}\"/.run/p* >&${fd_continue}$'\n'            break"""$'\n'${nOrderFlag} && echo """else$'\n'            printf 'x%s\n' \"\${nOrder}\" >&\${fd_nOrder0}"""$'\n'echo """fi$'\n'        continue$'\n'    }"""$'\n'{ ${nLinesAutoFlag} \|\| ${nSpawnFlag}->rgb(231,120,28)
 then$'\n'                            { dd if=\"${fPath}\" bs=1 count=1 ${ddQuietStr} skip=\$(( fd_read_pos - 1 )) \| read -t 1 -r -d ''->rgb(229,112,26)
 then$'\n'                        echo """$'\n'                    {$'\n'                        if (( \${nBytes}  > 65535 ))->rgb(228,109,26)
 then$'\n'                    ((nBytesRead++))$'\n'                    nBytesRead+=\${#REPLY}$'\n'                    [[ \${REPLY} ]] && A+=(\"\${REPLY}\") \|\| A+=('')$'\n'                    (( \${nBytesRead} >= ${nBytes} )) && { trailingNullFlag=true->rgb(216,51,12)
 then$'\n'                    echo """$'\n'            nBytesRead+=\${#REPLY}$'\n'            [[ \${nBytesRead} == 0 ]] \|\| (( \${nBytesRead} >= ${nBytes} )) \|\| {"""$'\n'[[ -n ${tTimeout} ]] && echo "while (( \${SECONDS} < ${tTimeout} ))->rgb(241,166,39)
 then$'\n'                    printf '%s ' "${fd_stdin}"$'\n'[[ -n ${tTimeout} ]] && printf '-t %s ' "${tTimeout} "->rgb(247,193,46)
 then$'\n'                [[ -n ${tTimeout} ]] && echo "SECONDS=0"$'\n'printf 'if read -r -d '"''"' -n %s -u %s' "${nBytes}" "${fd_read}"$'\n'[[ -n ${tTimeout} ]] && printf ' -t %s' "${tTimeout}"$'\n'echo """->rgb(215,46,11)
 then$'\n'                [[ \${REPLY} ]] && A=(\"\${REPLY}\") \|\| A=('')$'\n'                trailingNullFlag=true"""$'\n'${readBytesExactFlag} && echo 'nBytesRead=1'$'\n'echo """$'\n'            else$'\n'                [[ \${REPLY} ]] && A=(\"\${REPLY}\") \|\| A=()$'\n'                trailingNullFlag=false"""$'\n'${readBytesExactFlag} && echo 'nBytesRead=0'$'\n'echo 'fi'$'\n'if ${readBytesExactFlag}->rgb(248,201,48)
 then$'\n'                printf '%s' "\"\${A[@]${delimiterRemoveStr}}\""->rgb(229,114,27)
 then$'\n'                printf '%s\0' \"\${A[@]}\" $'\n'            else$'\n'                printf '%s' \"\${A[0]}\" $'\n'                printf '\0%s' \"\${A[@]:1}\"$'\n'            fi $'\n'        } >\"${tmpDir}\"/.stdin.tmp.{<#>}"""->rgb(250,208,49)
 then$'\n'            echo """$'\n'                IFS=\$'\\t' read -r _ fd_read_pos </proc/self/fdinfo/${fd_read}"""$'\n'case "${nullDelimiterProg}" in $'\n'                'dd')$'\n'                    echo """$'\n'                { dd if=\"${fPath}\" bs=1 count=1 ${ddQuietStr} skip=\$(( fd_read_pos - 1 )) \| read -t 1 -r -d ''->rgb(240,162,38)
 then$'\n'            echo "[[ \${#REPLY} == 0 ]] \|\| {"->rgb(209,21,5)
 then$'\n'            printf "<<<\"\${A[*]%s}\"" "${delimiterRemoveStr}"->rgb(250,210,50)
 then$'\n'        echo """$'\n'                lseek ${fd_read} -1 SEEK_CUR ''$'\n'                read -r -u ${fd_read} -N 1"""$'\n'if ${nullDelimiterFlag}->rgb(241,168,40)
 then$'\n'        printf '<"%s"/%s' "${tmpDir}" '.stdin.tmp.{<#>}'->rgb(231,122,29)
 then$'\n'        printf '<<<%s' "\"\${A[@]${delimiterRemoveStr}}\""->rgb(220,72,17)
 then$'\n'    case "${readBytesProg}" in $'\n'        'dd')$'\n'            printf 'dd bs=32768 count=%sB of="%s"/.stdin.tmp.{<#>} 2>"%s"/.stdin.tmp-status.{<#>} ' "${nBytes}" "${tmpDir}" "${tmpDir}"$'\n'${pipeReadFlag} && printf 'iflag=fullblock <&%s\n' "${fd_stdin}" \|\| printf '<&%s\n' "${fd_read}"$'\n'printf '[[ "$(<"%s"/.stdin.tmp-status.{<#>})" == *$'"'"'\\n'"'"'"0 bytes"* ]] && A=() \|\| A[0]=1\n' "${tmpDir}"$'\n'        ->rgb(253,224,53)
 then$'\n'    echo """$'\n'            lseek $fd_read 0 SEEK_CUR fd_read_pos $'\n'            lseek $fd_write 0 SEEK_CUR fd_write_pos"""->rgb(249,203,48)
 then$'\n'    if ${stdinRunFlag} \|\| ${noFuncFlag}->rgb(244,182,43)
 }->rgb(249,203,48)
 } $'\n'                        else$'\n'                            read -r -u ${fd_read0} -N \${nBytes} _$'\n'                            read -r -u ${fd_read0} -d ''$'\n'                            [[ \${#REPLY} == 0 ]]$'\n'                        fi$'\n'                    } \|\| {"""->rgb(226,97,23)
 } && echo "{ \${nLinesAutoFlag} \|\| \${nSpawnFlag}->rgb(236,146,35)
 } && echo 'nOrder0="${nOrder:1}"'$'\n'${exportOrderFlag} && echo "printf '\034%s:\035\n' \"\${nOrder0}\""$'\n'printf '%s ' "${runCmd[@]}"$'\n'if ${readBytesFlag} && ! { [[ ${readBytesProg} == 'bash' ]] && ! ${stdinRunFlag}->rgb(228,106,25)
 } && printf '%s ' '-t'$'\n'echo """${delimiterReadStr} A$'\n'    }"""$'\n'${pipeReadFlag} \|\| { ${nullDelimiterFlag} && [[ -z ${nullDelimiterProg} ]]->rgb(249,205,49)
 } && printf '\n\\rm -f "'"${tmpDir}"'"/.stdin.tmp.{<#>}\n'$'\n'${subshellRunFlag} && printf '\n%s ' ')' \|\| printf '\n%s ' '}'$'\n'echo "${outStr}"$'\n'${nOrderFlag} && echo "printf '%s\\n' \"\${nOrder}\" >&${fd_nOrder0}"$'\n'${nSpawnFlag} && echo "printf 'l%s\\nt%s\\n' \${#A[@]} \${EPOCHREALTIME//./} >&${fd_nSpawn}"$'\n'echo """$'\n'done$'\n'} 2>&${fd_stderr} {fd_nAuto0}>&${fd_nAuto}$'\n'} 2>/dev/null$'\n'p_PID+=(\${p{<#>}_PID})""")"->rgb(251,211,50)
 } && read -r <\"${tmpDir}\"/.nLines && [[ \${REPLY} == +([0-9]) ]] && nLinesCur=\${REPLY}"$'\n'echo """$'\n'    echo 1 >\"${tmpDir}\"/.wait/p{<#>}$'\n'    read -r -u ${fd_continue} _$'\n'    [[ -f \"${tmpDir}\"/.quit ]] && {$'\n'        printf '\n' >&${fd_continue}$'\n'        break$'\n'    }$'\n'    [[ -f \"${tmpDir}\"/.done ]] && doneIndicatorFlag=true"""$'\n'if ${readBytesFlag}->rgb(253,221,53)
 } && { printf '%s' """$'\n'    { \${nLinesAutoFlag} \|\| \${nSpawnFlag}->rgb(209,20,4)
 } && { trailingNullFlag=false->rgb(231,122,29)
 } && {"""$'\n'(( ${verboseLevel} > 2 )) && echo "echo \"FIXING SPLIT READ\" >&${fd_stderr}"$'\n'echo """$'\n'            A[-1]=\"\${A[-1]%${delimiterVal}}\"$'\n'            IFS=$'\n'            mapfile ${delimiterReadStr} A <<<\"\${A[*]}\"$'\n'        }"""->rgb(230,117,28)
 } && {$'\n'        printf '%s\\n' \${#A[@]} >&\${fd_nAuto0}$'\n'        (( \${nLinesCur} < ${nLinesMax} )) \|\| nLinesAutoFlag=false$'\n'    }"""$'\n'${fallocateFlag} && printf '%s' ' \|\| ' \|\| echo->rgb(226,99,23)
 } \|\| ${readBytesFlag} \|\| echo "}"$'\n'${nLinesReadLimitFlag} && echo """$'\n'nLinesRead+=\${#A[@]}$'\n'echo \${nLinesRead} >\"${tmpDir}\"/.nLinesRead$'\n'(( nLinesRead == nLinesReadLimit )) && {$'\n'    : >\"${tmpDir}\"/.quit$'\n'    echo '0' >\"${tmpDir}\"/.nLines$'\n'}$'\n'"""$'\n'echo """$'\n'    printf '\\n' >&${fd_continue}$'\n'    echo 0 >\"${tmpDir}\"/.wait/p{<#>}$'\n'    [[ \${#A[@]} == 0 ]] && {$'\n'        \${doneIndicatorFlag} \|\| { $'\n'          [[ -f \"${tmpDir}\"/.done ]] && {"""$'\n'if ${lseekPosFlag}->rgb(233,133,31)
 } \|\| { echo "[[ \${#A[@]} == 0 ]] \|\| \${doneIndicatorFlag} \|\| {"$'\n'if ${lseekFlag}->rgb(214,43,10)
 } \|\| {"""$'\n'                ->rgb(242,174,41)
 }$'\n'                    break$'\n'                fi$'\n'            done$'\n'        }"""->rgb(238,154,36)
 }$'\n'                else$'\n'                    trailingNullFlag=false$'\n'                    [[ \${REPLY} ]] && A+=(\"\${REPLY}\")$'\n'                    { (( \${nBytesRead} >= ${nBytes} )) \|\| ${doneIndicatorFlag}->rgb(208,14,3)
 }$'\n'${fallocateFlag} && echo "printf '\\n' >&\${fd_nAuto0}"$'\n'${pipeReadFlag} \|\| ${nullDelimiterFlag} \|\| ${readBytesFlag} \|\| ${lseekFlag} \|\| { echo """$'\n'        { [[ \"\${A[*]##*${delimiterVal}}\" ]] \|\| [[ -z \${A[0]} ]]->rgb(225,95,22)
 }$'\n'${subshellRunFlag} && echo '(' \|\| echo '{'$'\n'{ ${exportOrderFlag} \|\| { ${nOrderFlag} && ${substituteStringIDFlag}->rgb(241,166,39)
$'\n'                    else$'\n'                        echo """$'\n'                    read -r -u ${fd_read0} -N \${nBytes} _$'\n'                    read -r -u ${fd_read0} -d ''$'\n'                    [[ \${#REPLY} == 0 ]] \|\| {"""->rgb(208,18,4)
$'\n'                    fi$'\n'                ->rgb(251,215,51)
$'\n'                'bash')$'\n'                    echo """$'\n'                IFS=\$'\\t' read -r _ fd_read_pos0 </proc/self/fdinfo/${fd_read0}$'\n'                nBytes=\$(( fd_read_pos - fd_read_pos0 - \${#A[@]} ))"""$'\n'if ${ddAvailableFlag}->rgb(240,162,38)
$'\n'                else$'\n'                    printf '%s ' ${fd_read}->rgb(216,50,12)
$'\n'                fi$'\n'echo """$'\n'        {$'\n'            if \${trailingNullFlag}->rgb(215,50,12)
$'\n'                fi$'\n'echo '-a A'->rgb(250,211,50)
$'\n'            IFS=\$'\\t' read -r _ fd_write_pos </proc/self/fdinfo/${fd_write}->rgb(253,223,53)
$'\n'            else$'\n'                printf 'read -r -N %s -u ' "${nBytes}"$'\n'if ${readBytesExactFlag}->rgb(228,108,25)
$'\n'            esac->rgb(230,115,27)
$'\n'            fi->rgb(254,227,54)
$'\n'            fi$'\n'        ->rgb(209,20,4)
$'\n'        'bash')$'\n'            if ${stdinRunFlag}->rgb(209,22,5)
$'\n'        'head')$'\n'            printf 'head -c %s ' "${nBytes}"$'\n'${pipeReadFlag} && printf '<&%s ' "${fd_stdin}" \|\| printf '<&%s ' "${fd_read}"$'\n'printf '>"%s"/.stdin.tmp.{<#>}\n' "${tmpDir}"$'\n'printf '[[ $(<"%s"/.stdin.tmp.{<#>}) ]] 2>/dev/null && A[0]=1 \|\| A=()\n' "${tmpDir}"$'\n'        ->rgb(227,103,24)
$'\n'        else$'\n'            echo "[[ \"\${A[-1]: -1}\" == ${delimiterVal} ]] \|\| {"->rgb(212,35,8)
$'\n'        else$'\n'            echo "[[ \"\${REPLY}\" == ${delimiterVal} ]] \|\| {"->rgb(209,18,4)
$'\n'        else$'\n'            if ! ${substituteStringFlag}->rgb(225,94,22)
$'\n'        fi->rgb(231,120,28)
$'\n'    else$'\n'        if ${noFuncFlag}->rgb(248,201,48)
$'\n'    else$'\n'        if ${nullDelimiterFlag}->rgb(234,135,32)
$'\n'    else$'\n'        printf '"$(<"%s"/%s)"' "${tmpDir}" '.stdin.tmp.{<#>}'->rgb(213,40,9)
$'\n'    esac->rgb(233,132,31)
$'\n'    fi->rgb(208,14,3)
$'\n'    fi$'\n'(( ${verboseLevel} > 2 )) && echo """$'\n'                echo \"Partial read at: \${A[-1]}\" >&${fd_stderr}"""$'\n'echo """$'\n'                until read -r -u ${fd_read} ${delimiterReadStr}->rgb(212,36,8)
$'\n'else$'\n'    ${nLinesReadLimitFlag} && printf '%s' """read -r nLinesRead <\"${tmpDir}\"/.nLinesRead$'\n'    (( ( nLinesReadLimit - nLinesRead ) < nLinesCur )) && nLinesCur=\$(( nLinesReadLimit - nLinesRead ))$'\n'    (( nLinesCur == 0 )) && A=() \|\| """$'\n'echo "{"$'\n'${nOrderFlag} && echo "order_get nOrder"$'\n'${pipeReadFlag} \|\| echo "evfd_wait ${fd_nSpawn}"$'\n'printf '%s ' "mapfile"$'\n'${lseekFlag} && printf '%s ' '-t'$'\n'printf '%s ' '-n' "\${nLinesCur}" '-u'$'\n'${pipeReadFlag} && printf '%s ' ${fd_stdin} \|\| printf '%s ' ${fd_read}$'\n'{ ${pipeReadFlag} \|\| ${nullDelimiterFlag}->rgb(238,155,37)
$'\n'else$'\n'    echo """$'\n'            IFS=\$'\\t' read -r _ fd_read_pos </proc/self/fdinfo/${fd_read}->rgb(249,205,49)
$'\n'else$'\n'    if ${stdinRunFlag}->rgb(215,46,11)
$'\n'fi$'\n'${pipeReadFlag} \|\| { ${nullDelimiterFlag} && [[ -z ${nullDelimiterProg} ]]->rgb(252,216,51)
$'\n'fi$'\n'(( ${verboseLevel} > 2 )) && echo """ \|\| {$'\n'        {$'\n'            printf '\\n\\n----------------------------------------------\\n\\n'$'\n'            echo 'ERROR DURING \"${runCmd[*]}\" CALL'$'\n'            declare -p A nLinesCur nLinesAutoFlag$'\n'            echo 'fd_read:'$'\n'            cat /proc/self/fdinfo/${fd_read}$'\n'            echo 'fd_write:'$'\n'            cat /proc/self/fdinfo/${fd_write}$'\n'            echo$'\n'        } >&${fd_stderr}$'\n'    }"""$'\n'${readBytesFlag} && { [[ -n ${readBytesProg//bash/} ]] \|\| ${stdinRunFlag}->rgb(248,201,48)
$'\n'fi$'\n'echo """$'\n'            [[ \"\${fd_read_pos}\" == \"\${fd_write_pos}\" ]] && doneIndicatorFlag=true$'\n'          }$'\n'        }$'\n'        if \${doneIndicatorFlag} \|\| [[ -f \"${tmpDir}\"/.quit ]]->rgb(217,55,13)
${nSpawnFlag}->rgb(210,27,6)
: | cat "${tmpDir}"/.wait 2> /dev/null->rgb(207,9,2)
<< (FUNCTION): trap ': >"/dev/shm/.forkrun.iCzTKH"/.quit->rgb(248,198,47)
<< (FUNCTION): trap 'trap - TERM INT HUP USR1->rgb(209,22,5)
FUNCTION (_forkrun_getVal)->rgb(236,144,34)
FUNCTION (forkrun)->rgb(210,26,6)
FUNCTION (source)->rgb(223,83,19)
SUBSHELL (330718)->rgb(240,163,39)
SUBSHELL (330722)->rgb(222,81,19)
SUBSHELL (330723)->rgb(216,52,12)
SUBSHELL (330725)->rgb(253,222,53)
SUBSHELL (330733)->rgb(209,22,5)
SUBSHELL (330737)->rgb(234,133,31)
SUBSHELL (330738)->rgb(227,103,24)
SUBSHELL (330739)->rgb(221,74,17)
SUBSHELL (330740)->rgb(222,81,19)
SUBSHELL (330741)->rgb(216,52,12)
SUBSHELL (330742)->rgb(209,22,5)
SUBSHELL (330743)->rgb(253,222,53)
SUBSHELL (330744)->rgb(246,192,46)
SUBSHELL (330745)->rgb(240,163,39)
SUBSHELL (330746)->rgb(234,133,31)
SUBSHELL (330747)->rgb(227,103,24)
SUBSHELL (330748)->rgb(221,74,17)
SUBSHELL (330749)->rgb(214,44,10)
SUBSHELL (330750)->rgb(216,52,12)
SUBSHELL (330753)->rgb(246,192,46)
SUBSHELL (330754)->rgb(240,163,39)
SUBSHELL (330759)->rgb(208,14,3)
SUBSHELL (330761)->rgb(253,222,53)
SUBSHELL (330765)->rgb(227,103,24)
SUBSHELL (330768)->rgb(208,14,3)
SUBSHELL (330771)->rgb(246,192,46)
SUBSHELL (330775)->rgb(221,74,17)
SUBSHELL (330778)->rgb(251,214,51)
SUBSHELL (330781)->rgb(240,163,39)
SUBSHELL (330784)->rgb(221,74,17)
SUBSHELL (330787)->rgb(251,214,51)
SUBSHELL (330789)->rgb(238,155,37)
SUBSHELL (330791)->rgb(234,133,31)
SUBSHELL (330792)->rgb(227,103,24)
SUBSHELL (330795)->rgb(208,14,3)
SUBSHELL (330797)->rgb(245,185,44)
SUBSHELL (330800)->rgb(242,170,40)
SUBSHELL (331489)->rgb(251,214,51)
SUBSHELL (331491)->rgb(246,192,46)
SUBSHELL (331493)->rgb(234,133,31)
break->rgb(223,86,20)
coprocSrcCode="$(echo """$'\n'local p{<#>} p{<#>}_PID$'\n'$'\n'{ coproc p{<#>} {$'\n'export LC_ALL=C LANG=C IFS= FORKRUN_TMPDIR=\"${tmpDir}\"$'\n'$'\n'echo \"\${BASH_PID}\" >\"${tmpDir}\"/.run/p{<#>}$'\n'$'\n'trap ': >\"${tmpDir}\"/.quit->rgb(239,157,37)
declare -p > "${tmpDir}"/.vars->rgb(253,224,53)
evfd_copy ${fd_write} ${fd_stdin}->rgb(236,144,34)
fallocate -p -o ${fd_read_pos_old} -l $(( ${fd_read_pos} - ${fd_read_pos_old} )) "${fPath}"->rgb(218,64,15)
local p12 p12_PID (&)->rgb(228,109,26)
local p13 p13_PID (&)->rgb(215,49,11)
local p14 p14_PID (&)->rgb(252,220,52)
local p15 p15_PID (&)->rgb(239,160,38)
local p16 p16_PID (&)->rgb(227,101,24)
local p17 p17_PID (&)->rgb(214,42,10)
local p18 p18_PID (&)->rgb(251,212,50)
local p19 p19_PID (&)->rgb(238,153,36)
local p20 p20_PID (&)->rgb(241,168,40)
local p21 p21_PID (&)->rgb(228,109,26)
local p22 p22_PID (&)->rgb(215,49,11)
local p23 p23_PID (&)->rgb(252,220,52)
local p24 p24_PID (&)->rgb(239,160,38)
local p25 p25_PID (&)->rgb(227,101,24)
local p26 p26_PID (&)->rgb(214,42,10)
local p27 p27_PID (&)->rgb(251,212,50)
mapfile -t -n ${nLinesCur} -u 23 A->rgb(226,97,23)
mkdir -p "${tmpDir}"/.run->rgb(221,75,18)
mkdir -p "${tmpDir}"/.{run,wait}->rgb(212,33,7)
mktemp -p "${tmpDirRoot}" -d .forkrun.XXXXXX->rgb(231,121,29)
nproc->rgb(236,144,34)
read -r -u 11 _->rgb(254,229,54)
sha512sum "${A[@]}"->rgb(234,137,32)
tmpDir="$(mktemp -p "${tmpDirRoot}" -d .forkrun.XXXXXX)"->rgb(211,29,7)
wait->rgb(240,163,39)
wait "${p_PID[@]}" &> /dev/null->rgb(254,225,53)
